15 momentos, 90 partidas por jugar
22:25:03 [1/90] registry G2@2 r0: 7 muertos
22:25:03 [2/90] registry G2@11 r0: 7 muertos
22:25:03 [3/90] registry G2@21 r0: 7 muertos
22:25:03 [4/90] registry G2@28 r0: 7 muertos
22:25:03 [5/90] registry G2@35 r0: 7 muertos
22:25:03 [6/90] registry G1@4 r0: 7 muertos
22:25:03 [7/90] registry G1@16 r0: 7 muertos
22:25:03 [8/90] registry G1@23 r0: 7 muertos
22:25:03 [9/90] registry G1@30 r0: 7 muertos
22:25:03 [10/90] registry G1@37 r0: 7 muertos
22:25:03 [11/90] registry G3@0 r0: 6 muertos
22:25:03 [12/90] registry G3@12 r0: 6 muertos
22:25:03 [13/90] registry G3@20 r0: 6 muertos
22:25:03 [14/90] registry G3@28 r0: 6 muertos
22:25:03 [15/90] registry G3@37 r0: 6 muertos
22:25:04 [16/90] greedy G3@0 r0: 46 muertos
22:25:04 [17/90] greedy G3@12 r0: 46 muertos
22:25:04 [18/90] greedy G3@20 r0: 46 muertos
22:25:04 [19/90] greedy G3@28 r0: 46 muertos
22:25:04 [20/90] greedy G3@37 r0: 46 muertos
22:25:04 [21/90] greedy G2@2 r0: 49 muertos
22:25:04 [22/90] greedy G2@11 r0: 49 muertos
22:25:04 [23/90] greedy G2@21 r0: 49 muertos
22:25:04 [24/90] greedy G2@28 r0: 49 muertos
22:25:04 [25/90] greedy G2@35 r0: 49 muertos
22:25:04 [26/90] greedy G1@4 r0: 38 muertos
22:25:04 [27/90] greedy G1@16 r0: 38 muertos
22:25:04 [28/90] greedy G1@23 r0: 38 muertos
22:25:04 [29/90] greedy G1@30 r0: 38 muertos
22:25:04 [30/90] greedy G1@37 r0: 38 muertos
22:26:38 [31/90] basic G2@2 r1: 12 muertos (5 decisiones, 0 sin respuesta)
22:26:48 [32/90] basic G3@0 r1: 27 muertos (5 decisiones, 0 sin respuesta)
22:26:49 [33/90] basic G1@16 r1: 8 muertos (5 decisiones, 0 sin respuesta)
22:26:50 [34/90] basic G1@16 r0: 6 muertos (5 decisiones, 0 sin respuesta)
22:26:53 [35/90] basic G1@23 r0: 5 muertos (5 decisiones, 0 sin respuesta)
22:26:56 [36/90] basic G3@12 r1: 17 muertos (5 decisiones, 0 sin respuesta)
22:26:59 [37/90] basic G1@4 r1: 16 muertos (5 decisiones, 0 sin respuesta)
22:27:00 [38/90] basic G2@2 r0: 12 muertos (5 decisiones, 0 sin respuesta)
22:27:01 [39/90] plan G1@4 r0: 12 muertos (5 decisiones, 0 sin respuesta)
22:27:03 [40/90] basic G3@12 r0: 14 muertos (5 decisiones, 0 sin respuesta)
22:27:05 [41/90] basic G1@4 r0: 15 muertos (5 decisiones, 0 sin respuesta)
22:27:06 [42/90] basic G2@35 r0: 28 muertos (5 decisiones, 0 sin respuesta)
22:27:09 [43/90] basic G1@37 r0: 13 muertos (5 decisiones, 0 sin respuesta)
22:27:10 [44/90] basic G2@21 r0: 14 muertos (5 decisiones, 0 sin respuesta)
22:27:11 [45/90] basic G3@37 r0: 19 muertos (5 decisiones, 0 sin respuesta)
22:27:12 [46/90] basic G1@23 r1: 6 muertos (5 decisiones, 0 sin respuesta)
22:27:13 [47/90] basic G3@20 r0: 8 muertos (5 decisiones, 0 sin respuesta)
22:27:14 [48/90] basic G1@37 r1: 14 muertos (5 decisiones, 0 sin respuesta)
22:27:15 [49/90] basic G3@28 r0: 15 muertos (5 decisiones, 0 sin respuesta)
22:27:16 [50/90] basic G3@28 r1: 14 muertos (5 decisiones, 0 sin respuesta)
22:27:17 [51/90] basic G2@11 r1: 9 muertos (5 decisiones, 0 sin respuesta)
22:27:18 [52/90] plan G1@16 r1: 7 muertos (5 decisiones, 0 sin respuesta)
22:27:25 [53/90] basic G2@28 r1: 22 muertos (5 decisiones, 0 sin respuesta)
22:27:28 [54/90] basic G1@30 r1: 9 muertos (5 decisiones, 0 sin respuesta)
22:27:32 [55/90] plan G1@4 r1: 13 muertos (5 decisiones, 0 sin respuesta)
22:27:33 [56/90] basic G3@0 r0: 26 muertos (5 decisiones, 0 sin respuesta)
22:27:37 [57/90] plan G1@37 r0: 13 muertos (5 decisiones, 0 sin respuesta)
22:27:38 [58/90] basic G3@20 r1: 8 muertos (5 decisiones, 0 sin respuesta)
22:27:41 [59/90] basic G2@11 r0: 11 muertos (5 decisiones, 0 sin respuesta)
22:27:42 [60/90] basic G2@21 r1: 14 muertos (5 decisiones, 0 sin respuesta)
22:27:43 [61/90] basic G3@37 r1: 18 muertos (5 decisiones, 0 sin respuesta)
22:27:44 [62/90] plan G1@23 r1: 6 muertos (5 decisiones, 0 sin respuesta)
22:27:45 [63/90] plan G1@30 r1: 8 muertos (5 decisiones, 0 sin respuesta)
22:27:46 [64/90] plan G1@23 r0: 5 muertos (5 decisiones, 0 sin respuesta)
22:27:48 [65/90] plan G1@30 r0: 4 muertos (5 decisiones, 0 sin respuesta)
22:27:52 [66/90] plan G1@16 r0: 6 muertos (5 decisiones, 0 sin respuesta)
22:27:58 [67/90] plan G1@37 r1: 11 muertos (5 decisiones, 0 sin respuesta)
